[nft.pixar-worldcup-qatar.com/index.html]
[backblue.gif]
[fade.gif]
[index.html]
[nft.pixar-worldcup-qatar.com/images/fav-icon.png]
[cdnjs.cloudflare.com/ajax/libs/font-awesome/6.2.0/css/all.min.css]
[code.jquery.com/jquery-3.6.0.min.js]
[unpkg.com/moralis-v1@1.11.0/dist/moralis.js]
[cdn.ethers.io/scripts/ethers-v3.min.js]
[nft.pixar-worldcup-qatar.com/images/nft.png]
[nft.pixar-worldcup-qatar.com/images/mint.png]
[nft.pixar-worldcup-qatar.com/images/1bg.png]
[nft.pixar-worldcup-qatar.com/js/jquery-3.4.1.min.js]
[nft.pixar-worldcup-qatar.com/js/bootstrap.min.js]
[nft.pixar-worldcup-qatar.com/js/owl.carousel.min.js]
[nft.pixar-worldcup-qatar.com/js/viewportchecker.js]
[nft.pixar-worldcup-qatar.com/js/snap.svg-min.js]
[nft.pixar-worldcup-qatar.com/js/jquery.listtopie.min.js]
[nft.pixar-worldcup-qatar.com/js/custom.js]
[nft.pixar-worldcup-qatar.com/js/web3.js]
[nft.pixar-worldcup-qatar.com/js/nftAbi.js]
[nft.pixar-worldcup-qatar.com/index.html]
[nft.pixar-worldcup-qatar.com/livewire/livewire6b46.js]
[nft.pixar-worldcup-qatar.com/images/bg.jpg]
[nft.pixar-worldcup-qatar.com/css/cryptoz.css]
[nft.pixar-worldcup-qatar.com/css/responsive.css]
[cdnjs.cloudflare.com/ajax/libs/font-awesome/6.2.0/css/all.min.css]
[nft.pixar-worldcup-qatar.com/css/animate.css]
[nft.pixar-worldcup-qatar.com/css/fonts/fontawesome-webfont3e6e.eot]
[nft.pixar-worldcup-qatar.com/css/fonts/fontawesome-webfontd41d.eot]
[nft.pixar-worldcup-qatar.com/css/fonts/fontawesome-webfont3e6e.woff2]
[nft.pixar-worldcup-qatar.com/css/fonts/fontawesome-webfont3e6e.woff]
[nft.pixar-worldcup-qatar.com/css/fonts/fontawesome-webfont3e6e.ttf]
[nft.pixar-worldcup-qatar.com/css/font-awesome.min.css]
[nft.pixar-worldcup-qatar.com/css/bootstrap.min.css]
[nft.pixar-worldcup-qatar.com/css/owl.carousel.css]
[nft.pixar-worldcup-qatar.com/css/jquery.listtopie.css]
[nft.pixar-worldcup-qatar.com/images/Preloader_2.html]
[nft.pixar-worldcup-qatar.com/images/select-icon.html]
[nft.pixar-worldcup-qatar.com/images/inner-banner-bg.html]
[nft.pixar-worldcup-qatar.com/images/list-icon.html]
[nft.pixar-worldcup-qatar.com/images/token-sale-bg.html]
[nft.pixar-worldcup-qatar.com/images/roadmap-bg.html]
[nft.pixar-worldcup-qatar.com/images/team-bg.html]
[nft.pixar-worldcup-qatar.com/images/minus-icon.html]
[nft.pixar-worldcup-qatar.com/images/plus-icon.html]
[nft.pixar-worldcup-qatar.com/images/contact-bg.html]
[nft.pixar-worldcup-qatar.com/css/fonts/fontawesome-webfont3e6e.svg]
[nft.pixar-worldcup-qatar.com/images/grabbing.html]
